// Jest Snapshot v1, https://goo.gl/fbAQLP

exports[`Should have the expected html structure 1`] = `
<div
  class="el-row content"
>
  <div
    class="el-col el-col-24 el-col-xs-20 el-col-xs-offset-2 el-col-sm-8 el-col-sm-offset-8"
  >
    <span>
      
      欢迎：Molunerfinn！你的待办事项是：
    
    </span>
     
    <div
      class="el-input"
    >
      <!---->
      <!---->
      <input
        autocomplete="off"
        class="el-input__inner"
        placeholder="请输入待办事项"
        type="text"
      />
      <!---->
      <!---->
    </div>
     
    <div
      class="el-tabs"
    >
      <div
        class="el-tabs__header"
      >
        <div
          class="el-tabs__nav-wrap"
        >
          <div
            class="el-tabs__nav-scroll"
          >
            <div
              class="el-tabs__nav"
            >
              <div
                class="el-tabs__active-bar"
                style="width: 0px; -webkit-transform: translateX(0px);"
              />
              <div
                class="el-tabs__item is-active"
              >
                待办事项
              </div>
              <div
                class="el-tabs__item"
              >
                已完成事项
              </div>
            </div>
          </div>
          <div
            class="resize-triggers"
          >
            <div
              class="expand-trigger"
            >
              <div
                style="width: 1px; height: 1px;"
              />
            </div>
            <div
              class="contract-trigger"
            />
          </div>
        </div>
      </div>
      <div
        class="el-tabs__content"
      >
        <div
          class="el-tab-pane"
        >
          <div
            class="el-col el-col-24 el-col-xs-24"
          >
            <div>
              
            暂无待办事项
          
            </div>
          </div>
        </div>
         
        <div
          class="el-tab-pane"
          style="display: none;"
        >
          <div>
            
          暂无已完成事项
        
          </div>
        </div>
      </div>
    </div>
  </div>
</div>
`;
